#-----------------------------------------------------------
# Vivado v2020.2 (64-bit)
# SW Build 3064766 on Wed Nov 18 09:12:45 MST 2020
# IP Build 3064653 on Wed Nov 18 14:17:31 MST 2020
# Start of session at: Wed Oct  6 10:35:02 2021
# Process ID: 16480
# Current directory: C:/Users/TONY AYALA/OneDrive/College/Quinto_Semestre/Universidad/PracticasVivado/AU
# Command line: vivado.exe -gui_launcher_event rodinguilauncherevent17200 C:\Users\TONY AYALA\OneDrive\College\Quinto_Semestre\Universidad\PracticasVivado\AU\AU.xpr
# Log file: C:/Users/TONY AYALA/OneDrive/College/Quinto_Semestre/Universidad/PracticasVivado/AU/vivado.log
# Journal file: C:/Users/TONY AYALA/OneDrive/College/Quinto_Semestre/Universidad/PracticasVivado/AU\vivado.jou
#-----------------------------------------------------------
start_gui
open_project {C:/Users/TONY AYALA/OneDrive/College/Quinto_Semestre/Universidad/PracticasVivado/AU/AU.xpr}
update_compile_order -fileset sources_1
launch_simulation
source ALU_tb.tcl
close_sim
